Java HotSpot(TM) 64-Bit Server VM (25.65-b01) for bsd-amd64 JRE (1.8.0_65-b17), built on Oct  6 2015 15:36:46 by "java_re" with gcc 4.2.1 (Based on Apple Inc. build 5658) (LLVM build 2336.11.00)
Memory: 4k page, physical 16777216k(2363756k free)

/proc/meminfo:

CommandLine flags: -XX:+DisableExplicitGC -XX:InitialHeapSize=1073741824 -XX:InitiatingHeapOccupancyPercent=35 -XX:+ManagementServer -XX:MaxGCPauseMillis=20 -XX:MaxHeapSize=1073741824 -XX:+PrintGC -XX:+PrintGCDateStamps -XX:+PrintGCDetails -XX:+PrintGCTimeStamps -XX:+UseCompressedClassPointers -XX:+UseCompressedOops -XX:+UseG1GC 
2016-08-14T13:26:25.104+0800: 1.009: [GC pause (G1 Evacuation Pause) (young), 0.0074203 secs]
   [Parallel Time: 3.0 ms, GC Workers: 8]
      [GC Worker Start (ms): Min: 1009.3, Avg: 1009.4, Max: 1009.4, Diff: 0.1]
      [Ext Root Scanning (ms): Min: 0.4, Avg: 0.6, Max: 1.6, Diff: 1.2, Sum: 4.7]
      [Update RS (ms): Min: 0.0, Avg: 0.0, Max: 0.0, Diff: 0.0, Sum: 0.0]
         [Processed Buffers: Min: 0, Avg: 0.0, Max: 0, Diff: 0, Sum: 0]
      [Scan RS (ms): Min: 0.0, Avg: 0.0, Max: 0.0, Diff: 0.0, Sum: 0.0]
      [Code Root Scanning (ms): Min: 0.0, Avg: 0.1, Max: 0.3, Diff: 0.3, Sum: 0.8]
      [Object Copy (ms): Min: 1.4, Avg: 2.2, Max: 2.4, Diff: 1.1, Sum: 17.3]
      [Termination (ms): Min: 0.0, Avg: 0.0, Max: 0.0, Diff: 0.0, Sum: 0.1]
         [Termination Attempts: Min: 2, Avg: 34.2, Max: 50, Diff: 48, Sum: 274]
      [GC Worker Other (ms): Min: 0.0, Avg: 0.0, Max: 0.0, Diff: 0.0, Sum: 0.1]
      [GC Worker Total (ms): Min: 2.8, Avg: 2.9, Max: 2.9, Diff: 0.1, Sum: 23.1]
      [GC Worker End (ms): Min: 1012.3, Avg: 1012.3, Max: 1012.3, Diff: 0.0]
   [Code Root Fixup: 0.1 ms]
   [Code Root Purge: 0.1 ms]
   [Clear CT: 0.2 ms]
   [Other: 4.1 ms]
      [Choose CSet: 0.0 ms]
      [Ref Proc: 3.6 ms]
      [Ref Enq: 0.0 ms]
      [Redirty Cards: 0.1 ms]
      [Humongous Register: 0.0 ms]
      [Humongous Reclaim: 0.0 ms]
      [Free CSet: 0.1 ms]
   [Eden: 51.0M(51.0M)->0.0B(44.0M) Survivors: 0.0B->7168.0K Heap: 51.0M(1024.0M)->7994.5K(1024.0M)]
 [Times: user=0.02 sys=0.01, real=0.01 secs] 
2016-08-14T13:26:51.436+0800: 27.341: [GC pause (G1 Evacuation Pause) (young), 0.0091209 secs]
   [Parallel Time: 5.5 ms, GC Workers: 8]
      [GC Worker Start (ms): Min: 27340.9, Avg: 27340.9, Max: 27341.0, Diff: 0.2]
      [Ext Root Scanning (ms): Min: 0.5, Avg: 0.9, Max: 2.0, Diff: 1.5, Sum: 7.1]
      [Update RS (ms): Min: 0.0, Avg: 0.0, Max: 0.3, Diff: 0.3, Sum: 0.3]
         [Processed Buffers: Min: 0, Avg: 0.1, Max: 1, Diff: 1, Sum: 1]
      [Scan RS (ms): Min: 0.0, Avg: 0.0, Max: 0.0, Diff: 0.0, Sum: 0.1]
      [Code Root Scanning (ms): Min: 0.0, Avg: 1.4, Max: 4.4, Diff: 4.4, Sum: 11.1]
      [Object Copy (ms): Min: 0.3, Avg: 2.8, Max: 4.2, Diff: 4.0, Sum: 22.1]
      [Termination (ms): Min: 0.0, Avg: 0.2, Max: 0.3, Diff: 0.3, Sum: 1.7]
         [Termination Attempts: Min: 1, Avg: 25.5, Max: 49, Diff: 48, Sum: 204]
      [GC Worker Other (ms): Min: 0.0, Avg: 0.0, Max: 0.0, Diff: 0.0, Sum: 0.1]
      [GC Worker Total (ms): Min: 5.2, Avg: 5.3, Max: 5.4, Diff: 0.2, Sum: 42.5]
      [GC Worker End (ms): Min: 27346.2, Avg: 27346.2, Max: 27346.3, Diff: 0.0]
   [Code Root Fixup: 0.4 ms]
   [Code Root Purge: 0.0 ms]
   [Clear CT: 0.1 ms]
   [Other: 3.1 ms]
      [Choose CSet: 0.0 ms]
      [Ref Proc: 2.7 ms]
      [Ref Enq: 0.0 ms]
      [Redirty Cards: 0.1 ms]
      [Humongous Register: 0.0 ms]
      [Humongous Reclaim: 0.0 ms]
      [Free CSet: 0.1 ms]
   [Eden: 44.0M(44.0M)->0.0B(44.0M) Survivors: 7168.0K->7168.0K Heap: 51.8M(1024.0M)->10.4M(1024.0M)]
 [Times: user=0.03 sys=0.00, real=0.01 secs] 
2016-08-14T13:44:57.319+0800: 1113.228: [GC pause (G1 Evacuation Pause) (young), 0.0064408 secs]
   [Parallel Time: 4.8 ms, GC Workers: 8]
      [GC Worker Start (ms): Min: 1113228.6, Avg: 1113228.7, Max: 1113228.8, Diff: 0.2]
      [Ext Root Scanning (ms): Min: 0.3, Avg: 0.6, Max: 1.9, Diff: 1.6, Sum: 5.1]
      [Update RS (ms): Min: 0.0, Avg: 0.1, Max: 0.3, Diff: 0.3, Sum: 0.9]
         [Processed Buffers: Min: 0, Avg: 0.5, Max: 1, Diff: 1, Sum: 4]
      [Scan RS (ms): Min: 0.0, Avg: 0.0, Max: 0.0, Diff: 0.0, Sum: 0.1]
      [Code Root Scanning (ms): Min: 0.0, Avg: 0.4, Max: 1.0, Diff: 1.0, Sum: 3.2]
      [Object Copy (ms): Min: 2.7, Avg: 3.3, Max: 3.8, Diff: 1.2, Sum: 26.1]
      [Termination (ms): Min: 0.0, Avg: 0.1, Max: 0.2, Diff: 0.2, Sum: 1.1]
         [Termination Attempts: Min: 1, Avg: 74.5, Max: 113, Diff: 112, Sum: 596]
      [GC Worker Other (ms): Min: 0.0, Avg: 0.0, Max: 0.1, Diff: 0.1, Sum: 0.2]
      [GC Worker Total (ms): Min: 4.5, Avg: 4.6, Max: 4.7, Diff: 0.2, Sum: 36.7]
      [GC Worker End (ms): Min: 1113233.3, Avg: 1113233.3, Max: 1113233.3, Diff: 0.0]
   [Code Root Fixup: 0.6 ms]
   [Code Root Purge: 0.0 ms]
   [Clear CT: 0.1 ms]
   [Other: 0.9 ms]
      [Choose CSet: 0.0 ms]
      [Ref Proc: 0.3 ms]
      [Ref Enq: 0.0 ms]
      [Redirty Cards: 0.2 ms]
      [Humongous Register: 0.0 ms]
      [Humongous Reclaim: 0.0 ms]
      [Free CSet: 0.2 ms]
   [Eden: 44.0M(44.0M)->0.0B(45.0M) Survivors: 7168.0K->6144.0K Heap: 54.4M(1024.0M)->9064.0K(1024.0M)]
 [Times: user=0.03 sys=0.00, real=0.01 secs] 
2016-08-14T14:03:20.087+0800: 2216.036: [GC pause (G1 Evacuation Pause) (young), 0.0071644 secs]
   [Parallel Time: 5.3 ms, GC Workers: 8]
      [GC Worker Start (ms): Min: 2216035.6, Avg: 2216035.7, Max: 2216035.8, Diff: 0.2]
      [Ext Root Scanning (ms): Min: 0.4, Avg: 0.8, Max: 2.6, Diff: 2.1, Sum: 6.4]
      [Update RS (ms): Min: 0.0, Avg: 0.1, Max: 0.3, Diff: 0.3, Sum: 1.1]
         [Processed Buffers: Min: 0, Avg: 0.6, Max: 1, Diff: 1, Sum: 5]
      [Scan RS (ms): Min: 0.0, Avg: 0.0, Max: 0.0, Diff: 0.0, Sum: 0.1]
      [Code Root Scanning (ms): Min: 0.0, Avg: 0.6, Max: 1.2, Diff: 1.2, Sum: 4.8]
      [Object Copy (ms): Min: 2.6, Avg: 3.5, Max: 4.2, Diff: 1.6, Sum: 27.8]
      [Termination (ms): Min: 0.0, Avg: 0.0, Max: 0.0, Diff: 0.0, Sum: 0.2]
         [Termination Attempts: Min: 1, Avg: 88.1, Max: 123, Diff: 122, Sum: 705]
      [GC Worker Other (ms): Min: 0.0, Avg: 0.1, Max: 0.1, Diff: 0.1, Sum: 0.4]
      [GC Worker Total (ms): Min: 5.0, Avg: 5.1, Max: 5.2, Diff: 0.2, Sum: 40.9]
      [GC Worker End (ms): Min: 2216040.8, Avg: 2216040.9, Max: 2216040.9, Diff: 0.1]
   [Code Root Fixup: 0.6 ms]
   [Code Root Purge: 0.0 ms]
   [Clear CT: 0.2 ms]
   [Other: 1.1 ms]
      [Choose CSet: 0.0 ms]
      [Ref Proc: 0.4 ms]
      [Ref Enq: 0.0 ms]
      [Redirty Cards: 0.1 ms]
      [Humongous Register: 0.0 ms]
      [Humongous Reclaim: 0.0 ms]
      [Free CSet: 0.2 ms]
   [Eden: 45.0M(45.0M)->0.0B(45.0M) Survivors: 6144.0K->6144.0K Heap: 53.9M(1024.0M)->9012.5K(1024.0M)]
 [Times: user=0.05 sys=0.00, real=0.01 secs] 
2016-08-14T14:07:21.549+0800: 2457.507: [GC pause (Metadata GC Threshold) (young) (initial-mark), 0.0065705 secs]
   [Parallel Time: 5.0 ms, GC Workers: 8]
      [GC Worker Start (ms): Min: 2457507.1, Avg: 2457507.4, Max: 2457508.0, Diff: 0.9]
      [Ext Root Scanning (ms): Min: 0.0, Avg: 1.4, Max: 3.6, Diff: 3.5, Sum: 11.0]
      [Update RS (ms): Min: 0.0, Avg: 0.1, Max: 0.2, Diff: 0.2, Sum: 0.6]
         [Processed Buffers: Min: 0, Avg: 0.6, Max: 2, Diff: 2, Sum: 5]
      [Scan RS (ms): Min: 0.0, Avg: 0.0, Max: 0.0, Diff: 0.0, Sum: 0.0]
      [Code Root Scanning (ms): Min: 0.0, Avg: 1.1, Max: 3.8, Diff: 3.8, Sum: 8.9]
      [Object Copy (ms): Min: 0.0, Avg: 1.9, Max: 3.8, Diff: 3.7, Sum: 15.3]
      [Termination (ms): Min: 0.0, Avg: 0.1, Max: 0.1, Diff: 0.1, Sum: 0.8]
         [Termination Attempts: Min: 1, Avg: 1.5, Max: 2, Diff: 1, Sum: 12]
      [GC Worker Other (ms): Min: 0.0, Avg: 0.0, Max: 0.0, Diff: 0.0, Sum: 0.1]
      [GC Worker Total (ms): Min: 4.0, Avg: 4.6, Max: 4.9, Diff: 0.9, Sum: 36.6]
      [GC Worker End (ms): Min: 2457512.0, Avg: 2457512.0, Max: 2457512.0, Diff: 0.0]
   [Code Root Fixup: 0.4 ms]
   [Code Root Purge: 0.0 ms]
   [Clear CT: 0.1 ms]
   [Other: 1.0 ms]
      [Choose CSet: 0.0 ms]
      [Ref Proc: 0.3 ms]
      [Ref Enq: 0.0 ms]
      [Redirty Cards: 0.1 ms]
      [Humongous Register: 0.0 ms]
      [Humongous Reclaim: 0.0 ms]
      [Free CSet: 0.1 ms]
   [Eden: 16.0M(45.0M)->0.0B(44.0M) Survivors: 6144.0K->7168.0K Heap: 24.4M(1024.0M)->10008.2K(1024.0M)]
 [Times: user=0.02 sys=0.00, real=0.01 secs] 
2016-08-14T14:07:21.556+0800: 2457.513: [GC concurrent-root-region-scan-start]
2016-08-14T14:07:21.559+0800: 2457.517: [GC concurrent-root-region-scan-end, 0.0034180 secs]
2016-08-14T14:07:21.559+0800: 2457.517: [GC concurrent-mark-start]
2016-08-14T14:07:21.560+0800: 2457.517: [GC concurrent-mark-end, 0.0002897 secs]
2016-08-14T14:07:21.560+0800: 2457.517: [GC remark 2016-08-14T14:07:21.560+0800: 2457.517: [Finalize Marking, 0.0004502 secs] 2016-08-14T14:07:21.560+0800: 2457.518: [GC ref-proc, 0.0000951 secs] 2016-08-14T14:07:21.561+0800: 2457.518: [Unloading, 0.0033093 secs], 0.0041191 secs]
 [Times: user=0.02 sys=0.00, real=0.00 secs] 
2016-08-14T14:07:21.564+0800: 2457.522: [GC cleanup 10M->7327K(1024M), 0.0007378 secs]
 [Times: user=0.01 sys=0.00, real=0.00 secs] 
2016-08-14T14:07:21.565+0800: 2457.523: [GC concurrent-cleanup-start]
2016-08-14T14:07:21.565+0800: 2457.523: [GC concurrent-cleanup-end, 0.0000122 secs]
Heap
 garbage-first heap   total 1048576K, used 23984K [0x0000000780000000, 0x0000000780102000, 0x00000007c0000000)
  region size 1024K, 25 young (25600K), 7 survivors (7168K)
 Metaspace       used 21463K, capacity 21636K, committed 21936K, reserved 1069056K
  class space    used 3132K, capacity 3200K, committed 3248K, reserved 1048576K
